false
true
this_is_word_a_this_is_word_b_
this_is_word_a_123.0
this_is_word_b_false
["this_is_word_a_ "this_is_word_b_]
false
true
[1.0 ["a "b] true [true false] "b]
[[1.0 ["a "b] true] [[true false] "b]]
["this_is_word_a_ [1.0 ["a "b] true]]
[1.0 ["a "b] true [[true false] "b]]
[[true false] "b "this_is_word_b_]
